** Drc report for sph-coupon.kicad_pcb **
** Created on 2026-09-05T00:25:46 **
** Report includes: Errors, Warnings, Exclusions **

** Found 82 DRC violations **
[clearance]: Clearance violation ( clearance 0.2000 mm; actual 0.1500 mm)
    Local override; error
    @(8.3750 mm, 11.8000 mm): Track [CLK_Y0] on F.Cu, length 7.1750 mm
    @(12.9250 mm, 11.3000 mm): Via [+3V3_MIC] on F.Cu - B.Cu
[clearance]: Clearance violation ( clearance 0.2000 mm; actual 0.1500 mm)
    Local override; error
    @(65.2700 mm, 15.0000 mm): PTH pad 6 [CLK_IN] of J1
    @(66.5000 mm, 16.1000 mm): Track [D1] on B.Cu, length 2.6000 mm
[clearance]: Clearance violation ( clearance 0.2000 mm; actual 0.1500 mm)
    Local override; error
    @(65.2700 mm, 15.0000 mm): PTH pad 6 [CLK_IN] of J1
    @(63.9000 mm, 16.1000 mm): Track [D1] on F.Cu, length 1.3700 mm
[clearance]: Clearance violation ( clearance 0.2000 mm; actual 0.1500 mm)
    Local override; error
    @(65.2700 mm, 15.0000 mm): PTH pad 6 [CLK_IN] of J1
    @(65.2700 mm, 16.1000 mm): Track [D1] on F.Cu, length 1.4400 mm
[clearance]: Clearance violation ( clearance 0.2000 mm; actual 0.1000 mm)
    Local override; error
    @(9.0000 mm, 13.6000 mm): Pad 1 [CLK_EN] of R12 on F.Cu
    @(10.0000 mm, 13.6000 mm): Pad 2 [GND] of R12 on F.Cu
[clearance]: Clearance violation ( clearance 0.2000 mm; actual 0.1000 mm)
    Local override; error
    @(18.0000 mm, 2.0000 mm): Pad 1 [+3V3_MIC] of C10 on F.Cu
    @(19.0000 mm, 2.0000 mm): Pad 2 [GND] of C10 on F.Cu
[clearance]: Clearance violation ( clearance 0.2000 mm; actual 0.1000 mm)
    Local override; error
    @(19.5000 mm, 23.0000 mm): Pad 1 [D0M] of R13 on F.Cu
    @(20.5000 mm, 23.0000 mm): Pad 2 [D0] of R13 on F.Cu
[clearance]: Clearance violation ( clearance 0.2000 mm; actual 0.1000 mm)
    Local override; error
    @(8.4000 mm, 2.0000 mm): Pad 1 [+3V3_MIC] of C6 on F.Cu
    @(9.4000 mm, 2.0000 mm): Pad 2 [GND] of C6 on F.Cu
[clearance]: Clearance violation ( clearance 0.2000 mm; actual 0.1000 mm)
    Local override; error
    @(6.0000 mm, 2.0000 mm): Pad 1 [+3V3_MIC] of C5 on F.Cu
    @(7.0000 mm, 2.0000 mm): Pad 2 [GND] of C5 on F.Cu
[clearance]: Clearance violation ( clearance 0.2000 mm; actual 0.1000 mm)
    Local override; error
    @(43.5000 mm, 23.0000 mm): Pad 1 [D1M] of R14 on F.Cu
    @(44.5000 mm, 23.0000 mm): Pad 2 [D1] of R14 on F.Cu
[clearance]: Clearance violation ( clearance 0.2000 mm; actual 0.1000 mm)
    Local override; error
    @(10.8000 mm, 2.0000 mm): Pad 1 [+3V3_MIC] of C7 on F.Cu
    @(11.8000 mm, 2.0000 mm): Pad 2 [GND] of C7 on F.Cu
[hole_clearance]: Hole clearance violation (board setup constraints hole clearance 0.2500 mm; actual 0.0000 mm)
    Rule: board setup constraints hole; error
    @(39.0000 mm, 18.0000 mm): Pad 3 [GND] of M3 on F.Cu
    @(39.0000 mm, 18.0000 mm): NPTH pad of M3
[hole_clearance]: Hole clearance violation (board setup constraints hole clearance 0.2500 mm; actual 0.0000 mm)
    Rule: board setup constraints hole; error
    @(15.0000 mm, 18.0000 mm): Pad 3 [GND] of M1 on F.Cu
    @(15.0000 mm, 18.0000 mm): NPTH pad of M1
[clearance]: Clearance violation ( clearance 0.2000 mm; actual 0.1000 mm)
    Local override; error
    @(13.2000 mm, 2.0000 mm): Pad 1 [+3V3_MIC] of C8 on F.Cu
    @(14.2000 mm, 2.0000 mm): Pad 2 [GND] of C8 on F.Cu
[shorting_items]: Items shorting two nets (nets +3V3_MIC and GND)
    Local override; error
    @(18.6000 mm, 17.5000 mm): Pad 1 [+3V3_MIC] of C1 on F.Cu
    @(18.6000 mm, 18.5000 mm): Pad 2 [GND] of C1 on F.Cu
[shorting_items]: Items shorting two nets (nets +3V3_MIC and GND)
    Local override; error
    @(42.6000 mm, 17.5000 mm): Pad 1 [+3V3_MIC] of C3 on F.Cu
    @(42.6000 mm, 18.5000 mm): Pad 2 [GND] of C3 on F.Cu
[clearance]: Clearance violation ( clearance 0.2000 mm; actual 0.1000 mm)
    Local override; error
    @(15.6000 mm, 2.0000 mm): Pad 1 [+3V3_MIC] of C9 on F.Cu
    @(16.6000 mm, 2.0000 mm): Pad 2 [GND] of C9 on F.Cu
[clearance]: Clearance violation ( clearance 0.2000 mm; actual 0.1378 mm)
    Local override; error
    @(10.3250 mm, 10.3000 mm): Pad 7 [<no net>] of U1 on F.Cu
    @(11.0000 mm, 8.8000 mm): Pad 1 [CLK_FBR] of TP6 on F.Cu
[clearance]: Clearance violation ( clearance 0.2000 mm; actual 0.0000 mm)
    Local override; error
    @(10.9750 mm, 10.3000 mm): Pad 8 [<no net>] of U1 on F.Cu
    @(11.0000 mm, 8.8000 mm): Pad 1 [CLK_FBR] of TP6 on F.Cu
[clearance]: Clearance violation ( clearance 0.2000 mm; actual 0.1120 mm)
    Local override; error
    @(11.6250 mm, 10.3000 mm): Pad 9 [<no net>] of U1 on F.Cu
    @(11.0000 mm, 8.8000 mm): Pad 1 [CLK_FBR] of TP6 on F.Cu
[hole_clearance]: Hole clearance violation (board setup constraints hole clearance 0.2500 mm; actual 0.0000 mm)
    Rule: board setup constraints hole; error
    @(27.0000 mm, 18.0000 mm): Pad 3 [GND] of M2 on F.Cu
    @(27.0000 mm, 18.0000 mm): NPTH pad of M2
[hole_clearance]: Hole clearance violation (board setup constraints hole clearance 0.2500 mm; actual 0.0000 mm)
    Rule: board setup constraints hole; error
    @(51.0000 mm, 18.0000 mm): Pad 3 [GND] of M4 on F.Cu
    @(51.0000 mm, 18.0000 mm): NPTH pad of M4
[shorting_items]: Items shorting two nets (nets +3V3_MIC and GND)
    Local override; error
    @(54.6000 mm, 17.5000 mm): Pad 1 [+3V3_MIC] of C4 on F.Cu
    @(54.6000 mm, 18.5000 mm): Pad 2 [GND] of C4 on F.Cu
[shorting_items]: Items shorting two nets (nets +3V3_MIC and GND)
    Local override; error
    @(30.6000 mm, 17.5000 mm): Pad 1 [+3V3_MIC] of C2 on F.Cu
    @(30.6000 mm, 18.5000 mm): Pad 2 [GND] of C2 on F.Cu
[clearance]: Clearance violation ( clearance 0.2000 mm; actual 0.1000 mm)
    Local override; error
    @(16.0000 mm, 11.8000 mm): Pad 1 [CLK_Y0] of R0 on F.Cu
    @(17.0000 mm, 11.8000 mm): Pad 2 [CLK_ST] of R0 on F.Cu
[shorting_items]: Items shorting two nets (nets CLK_FB and CLK_FBR)
    Local override; error
    @(9.0250 mm, 7.8000 mm): Pad 1 [CLK_FB] of R1 on F.Cu
    @(9.0250 mm, 8.8000 mm): Pad 2 [CLK_FBR] of R1 on F.Cu
[courtyards_overlap]: Courtyards overlap
    Rule: board setup constraints courtyard; error
    @(10.0000 mm, 7.5000 mm): Footprint U1
    @(9.0250 mm, 8.3000 mm): Footprint R1
[drill_out_of_range]: Hole size out of range (board setup constraints min hole 0.3000 mm; actual 0.2500 mm)
    Rule: netclass 'Default'; error
    @(12.9250 mm, 11.3000 mm): Via [+3V3_MIC] on F.Cu - B.Cu
[starved_thermal]: Thermal relief connection to zone incomplete (layer F.Cu; zone min spoke count 2; actual 1)
    Local override; error
    @(0.5000 mm, 0.5000 mm): Zone [GND] on F.Cu, priority 0
    @(12.2750 mm, 10.3000 mm): Pad 10 [GND] of U1 on F.Cu
[starved_thermal]: Thermal relief connection to zone incomplete (layer F.Cu; zone min spoke count 2; actual 1)
    Local override; error
    @(0.5000 mm, 0.5000 mm): Zone [GND] on F.Cu, priority 0
    @(11.8000 mm, 2.0000 mm): Pad 2 [GND] of C7 on F.Cu
[solder_mask_bridge]: Front solder mask aperture bridges items with different nets
    Rule: board setup solder mask min width; error
    @(39.0000 mm, 18.0000 mm): NPTH pad of M3
    @(39.0000 mm, 18.0000 mm): Pad 3 [GND] of M3 on F.Cu
[solder_mask_bridge]: Front solder mask aperture bridges items with different nets
    Rule: board setup solder mask min width; error
    @(51.0000 mm, 18.0000 mm): NPTH pad of M4
    @(51.0000 mm, 18.0000 mm): Pad 3 [GND] of M4 on F.Cu
[solder_mask_bridge]: Front solder mask aperture bridges items with different nets
    Rule: board setup solder mask min width; error
    @(15.0000 mm, 18.0000 mm): NPTH pad of M1
    @(15.0000 mm, 18.0000 mm): Pad 3 [GND] of M1 on F.Cu
[solder_mask_bridge]: Front solder mask aperture bridges items with different nets
    Rule: board setup solder mask min width; error
    @(27.0000 mm, 18.0000 mm): NPTH pad of M2
    @(27.0000 mm, 18.0000 mm): Pad 3 [GND] of M2 on F.Cu
[hole_to_hole]: Drilled hole too close to other hole (board setup constraints min 0.2495 mm; actual 0.0000 mm)
    Rule: board setup constraints; warning
    @(8.3750 mm, 3.0000 mm): Via [+3V3_MIC] on F.Cu - B.Cu
    @(8.4000 mm, 3.2000 mm): Via [+3V3_MIC] on F.Cu - B.Cu
[lib_footprint_mismatch]: Footprint 'MIC_SPH0641LU4H-1_T016' does not match copy in library 'coupon'
    Local override; warning
    @(15.0000 mm, 18.0000 mm): Footprint M1
[lib_footprint_mismatch]: Footprint 'C_0603_T016' does not match copy in library 'coupon'
    Local override; warning
    @(18.6000 mm, 18.0000 mm): Footprint C1
[lib_footprint_mismatch]: Footprint 'MIC_SPH0641LU4H-1_T016' does not match copy in library 'coupon'
    Local override; warning
    @(27.0000 mm, 18.0000 mm): Footprint M2
[lib_footprint_mismatch]: Footprint 'C_0603_T016' does not match copy in library 'coupon'
    Local override; warning
    @(30.6000 mm, 18.0000 mm): Footprint C2
[lib_footprint_mismatch]: Footprint 'MIC_SPH0641LU4H-1_T016' does not match copy in library 'coupon'
    Local override; warning
    @(39.0000 mm, 18.0000 mm): Footprint M3
[lib_footprint_mismatch]: Footprint 'C_0603_T016' does not match copy in library 'coupon'
    Local override; warning
    @(42.6000 mm, 18.0000 mm): Footprint C3
[lib_footprint_mismatch]: Footprint 'MIC_SPH0641LU4H-1_T016' does not match copy in library 'coupon'
    Local override; warning
    @(51.0000 mm, 18.0000 mm): Footprint M4
[lib_footprint_mismatch]: Footprint 'C_0603_T016' does not match copy in library 'coupon'
    Local override; warning
    @(54.6000 mm, 18.0000 mm): Footprint C4
[lib_footprint_mismatch]: Footprint 'TSSOP-24_4.4x7.8mm_P0.65mm_T016' does not match copy in library 'coupon'
    Local override; warning
    @(10.0000 mm, 7.5000 mm): Footprint U1
[lib_footprint_mismatch]: Footprint 'C_0603_T016' does not match copy in library 'coupon'
    Local override; warning
    @(16.5000 mm, 11.8000 mm): Footprint R0
[lib_footprint_mismatch]: Footprint 'C_0603_T016' does not match copy in library 'coupon'
    Local override; warning
    @(9.0250 mm, 8.3000 mm): Footprint R1
[lib_footprint_mismatch]: Footprint 'TP_1.5mm_T016' does not match copy in library 'coupon'
    Local override; warning
    @(11.0000 mm, 8.8000 mm): Footprint TP6
[lib_footprint_mismatch]: Footprint 'C_0603_T016' does not match copy in library 'coupon'
    Local override; warning
    @(9.5000 mm, 13.6000 mm): Footprint R12
[lib_footprint_mismatch]: Footprint 'TP_1.5mm_T016' does not match copy in library 'coupon'
    Local override; warning
    @(18.4000 mm, 14.0000 mm): Footprint TP2
[lib_footprint_mismatch]: Footprint 'TP_1.5mm_T016' does not match copy in library 'coupon'
    Local override; warning
    @(53.5000 mm, 12.6000 mm): Footprint TP3
[lib_footprint_mismatch]: Footprint 'C_0603_T016' does not match copy in library 'coupon'
    Local override; warning
    @(6.5000 mm, 2.0000 mm): Footprint C5
[lib_footprint_mismatch]: Footprint 'C_0603_T016' does not match copy in library 'coupon'
    Local override; warning
    @(8.9000 mm, 2.0000 mm): Footprint C6
[lib_footprint_mismatch]: Footprint 'C_0603_T016' does not match copy in library 'coupon'
    Local override; warning
    @(11.3000 mm, 2.0000 mm): Footprint C7
[lib_footprint_mismatch]: Footprint 'C_0603_T016' does not match copy in library 'coupon'
    Local override; warning
    @(13.7000 mm, 2.0000 mm): Footprint C8
[lib_footprint_mismatch]: Footprint 'C_0603_T016' does not match copy in library 'coupon'
    Local override; warning
    @(16.1000 mm, 2.0000 mm): Footprint C9
[lib_footprint_mismatch]: Footprint 'C_0603_T016' does not match copy in library 'coupon'
    Local override; warning
    @(18.5000 mm, 2.0000 mm): Footprint C10
[lib_footprint_mismatch]: Footprint 'C_0603_T016' does not match copy in library 'coupon'
    Local override; warning
    @(20.0000 mm, 23.0000 mm): Footprint R13
[lib_footprint_mismatch]: Footprint 'C_0603_T016' does not match copy in library 'coupon'
    Local override; warning
    @(44.0000 mm, 23.0000 mm): Footprint R14
[lib_footprint_mismatch]: Footprint 'TP_1.5mm_T016' does not match copy in library 'coupon'
    Local override; warning
    @(30.0000 mm, 22.2000 mm): Footprint TP4
[lib_footprint_mismatch]: Footprint 'TP_1.5mm_T016' does not match copy in library 'coupon'
    Local override; warning
    @(50.0000 mm, 24.2000 mm): Footprint TP5
[lib_footprint_mismatch]: Footprint 'PINHEADER_2X05_T016' does not match copy in library 'coupon'
    Local override; warning
    @(62.7300 mm, 20.0800 mm): Footprint J1
[lib_footprint_issues]: Footprint 'PINHEADER_2X01_T016' not found in library 'coupon'
    Local override; warning
    @(58.7300 mm, 25.5000 mm): Footprint JP1
[lib_footprint_mismatch]: Footprint 'TP_1.5mm_T016' does not match copy in library 'coupon'
    Local override; warning
    @(56.9000 mm, 25.5000 mm): Footprint TP1
[lib_footprint_mismatch]: Footprint 'MountingHole_2.2mm_T016' does not match copy in library 'coupon'
    Local override; warning
    @(4.0000 mm, 4.0000 mm): Footprint H
[lib_footprint_mismatch]: Footprint 'MountingHole_2.2mm_T016' does not match copy in library 'coupon'
    Local override; warning
    @(66.0000 mm, 4.0000 mm): Footprint H
[lib_footprint_mismatch]: Footprint 'MountingHole_2.2mm_T016' does not match copy in library 'coupon'
    Local override; warning
    @(4.0000 mm, 26.0000 mm): Footprint H
[lib_footprint_mismatch]: Footprint 'MountingHole_2.2mm_T016' does not match copy in library 'coupon'
    Local override; warning
    @(66.0000 mm, 26.0000 mm): Footprint H
[silk_overlap]: Silkscreen clearance
    Rule: board setup constraints silk; warning
    @(11.0000 mm, 7.3000 mm): Reference field of TP6
    @(10.2250 mm, 8.3000 mm): Reference field of R1
[silk_over_copper]: Silkscreen clipped by solder mask
    Local override; warning
    @(19.8000 mm, 18.0000 mm): Reference field of C1
    @(18.6000 mm, 18.5000 mm): Pad 2 [GND] of C1 on F.Cu
[silk_over_copper]: Silkscreen clipped by solder mask
    Local override; warning
    @(19.8000 mm, 18.0000 mm): Reference field of C1
    @(18.6000 mm, 17.5000 mm): Pad 1 [+3V3_MIC] of C1 on F.Cu
[silk_over_copper]: Silkscreen clipped by solder mask
    Local override; warning
    @(43.8000 mm, 18.0000 mm): Reference field of C3
    @(42.6000 mm, 18.5000 mm): Pad 2 [GND] of C3 on F.Cu
[silk_over_copper]: Silkscreen clipped by solder mask
    Local override; warning
    @(31.8000 mm, 18.0000 mm): Reference field of C2
    @(30.6000 mm, 18.5000 mm): Pad 2 [GND] of C2 on F.Cu
[silk_over_copper]: Silkscreen clipped by solder mask
    Local override; warning
    @(31.8000 mm, 18.0000 mm): Reference field of C2
    @(30.6000 mm, 17.5000 mm): Pad 1 [+3V3_MIC] of C2 on F.Cu
[silk_over_copper]: Silkscreen clipped by solder mask
    Local override; warning
    @(10.2250 mm, 8.3000 mm): Reference field of R1
    @(9.0250 mm, 7.8000 mm): Pad 1 [CLK_FB] of R1 on F.Cu
[silk_over_copper]: Silkscreen clipped by solder mask
    Local override; warning
    @(10.2250 mm, 8.3000 mm): Reference field of R1
    @(11.0000 mm, 8.8000 mm): Pad 1 [CLK_FBR] of TP6 on F.Cu
[silk_over_copper]: Silkscreen clipped by solder mask
    Local override; warning
    @(18.4000 mm, 12.5000 mm): Reference field of TP2
    @(17.0000 mm, 11.8000 mm): Pad 2 [CLK_ST] of R0 on F.Cu
[silk_over_copper]: Silkscreen clipped by solder mask
    Local override; warning
    @(43.8000 mm, 18.0000 mm): Reference field of C3
    @(42.6000 mm, 17.5000 mm): Pad 1 [+3V3_MIC] of C3 on F.Cu
[silk_over_copper]: Silkscreen clipped by solder mask
    Local override; warning
    @(55.8000 mm, 18.0000 mm): Reference field of C4
    @(54.6000 mm, 18.5000 mm): Pad 2 [GND] of C4 on F.Cu
[silk_over_copper]: Silkscreen clipped by solder mask
    Local override; warning
    @(55.8000 mm, 18.0000 mm): Reference field of C4
    @(54.6000 mm, 17.5000 mm): Pad 1 [+3V3_MIC] of C4 on F.Cu
[silk_over_copper]: Silkscreen clipped by solder mask
    Local override; warning
    @(10.2250 mm, 8.3000 mm): Reference field of R1
    @(9.0250 mm, 8.8000 mm): Pad 2 [CLK_FBR] of R1 on F.Cu
[nonmirrored_text_on_back_layer]: Non-Mirrored text on back layer
    Local override; warning
    @(30.0000 mm, 20.7000 mm): Reference field of TP4
[nonmirrored_text_on_back_layer]: Non-Mirrored text on back layer
    Local override; warning
    @(50.0000 mm, 22.7000 mm): Reference field of TP5

** Found 0 unconnected pads **

** Found 0 Footprint errors **

** Ignored checks **
    - Footprint has no courtyard defined
    - Track endpoint not centered on via
    - Tuning profile track geometries
    - Footprint doesn't match symbol's footprint filters
    - Footprint component type doesn't match footprint pads

** End of Report **
