ERC report (2026-09-06T19:04:26, Encoding UTF8)
Report includes: Errors, Warnings, Exclusions

***** Sheet /
[power_pin_not_driven]: Input Power pin not driven by any Output Power pins
    ; error
    @(45.72 mm, 55.88 mm): Symbol M1 Pin 2 [SELECT, Input, Line]
[power_pin_not_driven]: Input Power pin not driven by any Output Power pins
    ; error
    @(66.04 mm, 53.34 mm): Symbol M1 Pin 5 [VDD, Power input, Line]
[pin_to_pin]: Pins of type Output and Output are connected
    ; error
    @(66.04 mm, 55.88 mm): Symbol M1 Pin 1 [DATA, Output, Line]
    @(187.96 mm, 55.88 mm): Symbol M2 Pin 1 [DATA, Output, Line]
[pin_to_pin]: Pins of type Output and Output are connected
    ; error
    @(66.04 mm, 86.36 mm): Symbol M3 Pin 1 [DATA, Output, Line]
    @(187.96 mm, 86.36 mm): Symbol M4 Pin 1 [DATA, Output, Line]

 ** ERC messages: 4  Errors 4  Warnings 0

 ** Ignored checks:
    - Global label only appears once in the schematic
    - Four connection points are joined together
    - SPICE model issue
    - Assigned footprint doesn't match footprint filters
